// Jest Snapshot v1, https://goo.gl/fbAQLP

exports[`<CommonButton /> should match CommonButton component to snapshot 1`] = `
<div>
  <article
    class="common-button-wrapper"
  >
    <a
      href="/event"
    >
      <button
        class="common-button"
      />
    </a>
  </article>
</div>
`;
