// Jest Snapshot v1, https://goo.gl/fbAQLP

exports[`<App /> should match App component to snapshot 1`] = `
<div>
  <div>
    Loading...
  </div>
</div>
`;
